Starting Recursive Playwright crawler for https://eql-apparel.com...

[1/50] Scanning: https://eql-apparel.com
 - Saved screenshot to /Users/kiendoan/Desktop/webshop/ai-website-cloner-template/docs/research/eql-apparel/root/full-page.png
 - Found 39 new internal links.
 - Saved analysis to /Users/kiendoan/Desktop/webshop/ai-website-cloner-template/docs/research/eql-apparel/root/ANALYSIS.md

[2/50] Scanning: https://eql-apparel.com/products
 - Saved screenshot to /Users/kiendoan/Desktop/webshop/ai-website-cloner-template/docs/research/eql-apparel/products/full-page.png
 - Found 17 new internal links.
 - Saved analysis to /Users/kiendoan/Desktop/webshop/ai-website-cloner-template/docs/research/eql-apparel/products/ANALYSIS.md

[3/50] Scanning: https://eql-apparel.com/
 - Saved screenshot to /Users/kiendoan/Desktop/webshop/ai-website-cloner-template/docs/research/eql-apparel/root/full-page.png
 - Found 0 new internal links.
 - Saved analysis to /Users/kiendoan/Desktop/webshop/ai-website-cloner-template/docs/research/eql-apparel/root/ANALYSIS.md

[4/50] Scanning: https://eql-apparel.com/about
 - Saved screenshot to /Users/kiendoan/Desktop/webshop/ai-website-cloner-template/docs/research/eql-apparel/about/full-page.png
 - Found 0 new internal links.
 - Saved analysis to /Users/kiendoan/Desktop/webshop/ai-website-cloner-template/docs/research/eql-apparel/about/ANALYSIS.md

[5/50] Scanning: https://eql-apparel.com/wishlist
 - Saved screenshot to /Users/kiendoan/Desktop/webshop/ai-website-cloner-template/docs/research/eql-apparel/wishlist/full-page.png
 - Found 0 new internal links.
 - Saved analysis to /Users/kiendoan/Desktop/webshop/ai-website-cloner-template/docs/research/eql-apparel/wishlist/ANALYSIS.md

[6/50] Scanning: https://eql-apparel.com/account
 - Saved screenshot to /Users/kiendoan/Desktop/webshop/ai-website-cloner-template/docs/research/eql-apparel/account/full-page.png
 - Found 3 new internal links.
 - Saved analysis to /Users/kiendoan/Desktop/webshop/ai-website-cloner-template/docs/research/eql-apparel/account/ANALYSIS.md

[7/50] Scanning: https://eql-apparel.com/privacy
 - Saved screenshot to /Users/kiendoan/Desktop/webshop/ai-website-cloner-template/docs/research/eql-apparel/privacy/full-page.png
 - Found 0 new internal links.
 - Saved analysis to /Users/kiendoan/Desktop/webshop/ai-website-cloner-template/docs/research/eql-apparel/privacy/ANALYSIS.md

[8/50] Scanning: https://eql-apparel.com/products?q=monaco
 - Saved screenshot to /Users/kiendoan/Desktop/webshop/ai-website-cloner-template/docs/research/eql-apparel/products-efb53e/full-page.png
 - Found 8 new internal links.
 - Saved analysis to /Users/kiendoan/Desktop/webshop/ai-website-cloner-template/docs/research/eql-apparel/products-efb53e/ANALYSIS.md

[9/50] Scanning: https://eql-apparel.com/collections
 - Saved screenshot to /Users/kiendoan/Desktop/webshop/ai-website-cloner-template/docs/research/eql-apparel/collections/full-page.png
 - Found 5 new internal links.
 - Saved analysis to /Users/kiendoan/Desktop/webshop/ai-website-cloner-template/docs/research/eql-apparel/collections/ANALYSIS.md

[10/50] Scanning: https://eql-apparel.com/products?tag=new
 - Saved screenshot to /Users/kiendoan/Desktop/webshop/ai-website-cloner-template/docs/research/eql-apparel/products-d24abc/full-page.png
 - Found 0 new internal links.
 - Saved analysis to /Users/kiendoan/Desktop/webshop/ai-website-cloner-template/docs/research/eql-apparel/products-d24abc/ANALYSIS.md

[11/50] Scanning: https://eql-apparel.com/products?activity=tennis
 - Saved screenshot to /Users/kiendoan/Desktop/webshop/ai-website-cloner-template/docs/research/eql-apparel/products-9c645b/full-page.png
 - Found 22 new internal links.
 - Saved analysis to /Users/kiendoan/Desktop/webshop/ai-website-cloner-template/docs/research/eql-apparel/products-9c645b/ANALYSIS.md

[12/50] Scanning: https://eql-apparel.com/products?activity=yoga
 - Saved screenshot to /Users/kiendoan/Desktop/webshop/ai-website-cloner-template/docs/research/eql-apparel/products-ca82d2/full-page.png
 - Found 19 new internal links.
 - Saved analysis to /Users/kiendoan/Desktop/webshop/ai-website-cloner-template/docs/research/eql-apparel/products-ca82d2/ANALYSIS.md

[13/50] Scanning: https://eql-apparel.com/products?activity=lounge
 - Saved screenshot to /Users/kiendoan/Desktop/webshop/ai-website-cloner-template/docs/research/eql-apparel/products-49d431/full-page.png
 - Found 15 new internal links.
 - Saved analysis to /Users/kiendoan/Desktop/webshop/ai-website-cloner-template/docs/research/eql-apparel/products-49d431/ANALYSIS.md

[14/50] Scanning: https://eql-apparel.com/products?tag=accessories
 - Saved screenshot to /Users/kiendoan/Desktop/webshop/ai-website-cloner-template/docs/research/eql-apparel/products-660565/full-page.png
 - Found 5 new internal links.
 - Saved analysis to /Users/kiendoan/Desktop/webshop/ai-website-cloner-template/docs/research/eql-apparel/products-660565/ANALYSIS.md

[15/50] Scanning: https://eql-apparel.com/products?tag=sale
 - Saved screenshot to /Users/kiendoan/Desktop/webshop/ai-website-cloner-template/docs/research/eql-apparel/products-8e3ebb/full-page.png
 - Found 0 new internal links.
 - Saved analysis to /Users/kiendoan/Desktop/webshop/ai-website-cloner-template/docs/research/eql-apparel/products-8e3ebb/ANALYSIS.md

[16/50] Scanning: https://eql-apparel.com/products?activity=gym
 - Saved screenshot to /Users/kiendoan/Desktop/webshop/ai-website-cloner-template/docs/research/eql-apparel/products-152f1a/full-page.png
 - Found 15 new internal links.
 - Saved analysis to /Users/kiendoan/Desktop/webshop/ai-website-cloner-template/docs/research/eql-apparel/products-152f1a/ANALYSIS.md

[17/50] Scanning: https://eql-apparel.com/products?activity=run
 - Saved screenshot to /Users/kiendoan/Desktop/webshop/ai-website-cloner-template/docs/research/eql-apparel/products-0b3a30/full-page.png
 - Found 0 new internal links.
 - Saved analysis to /Users/kiendoan/Desktop/webshop/ai-website-cloner-template/docs/research/eql-apparel/products-0b3a30/ANALYSIS.md

[18/50] Scanning: https://eql-apparel.com/products/sculpt-black-den-bra
 - Saved screenshot to /Users/kiendoan/Desktop/webshop/ai-website-cloner-template/docs/research/eql-apparel/products-sculpt-black-den-bra/full-page.png
 - Found 2 new internal links.
 - Saved analysis to /Users/kiendoan/Desktop/webshop/ai-website-cloner-template/docs/research/eql-apparel/products-sculpt-black-den-bra/ANALYSIS.md

[19/50] Scanning: https://eql-apparel.com/products/sculpt-black-den-short-sleeve-ao-coc-tay
 - Saved screenshot to /Users/kiendoan/Desktop/webshop/ai-website-cloner-template/docs/research/eql-apparel/products-sculpt-black-den-short-sleeve-ao-coc-tay/full-page.png
 - Found 0 new internal links.
 - Saved analysis to /Users/kiendoan/Desktop/webshop/ai-website-cloner-template/docs/research/eql-apparel/products-sculpt-black-den-short-sleeve-ao-coc-tay/ANALYSIS.md

[20/50] Scanning: https://eql-apparel.com/products/sculpt-black-den-standard-leggings-thuong
 - Saved screenshot to /Users/kiendoan/Desktop/webshop/ai-website-cloner-template/docs/research/eql-apparel/products-sculpt-black-den-standard-leggings-thuong/full-page.png
 - Found 0 new internal links.
 - Saved analysis to /Users/kiendoan/Desktop/webshop/ai-website-cloner-template/docs/research/eql-apparel/products-sculpt-black-den-standard-leggings-thuong/ANALYSIS.md

[21/50] Scanning: https://eql-apparel.com/products/sculpt-black-den-flare-leggings-loe
 - Saved screenshot to /Users/kiendoan/Desktop/webshop/ai-website-cloner-template/docs/research/eql-apparel/products-sculpt-black-den-flare-leggings-loe/full-page.png
 - Found 0 new internal links.
 - Saved analysis to /Users/kiendoan/Desktop/webshop/ai-website-cloner-template/docs/research/eql-apparel/products-sculpt-black-den-flare-leggings-loe/ANALYSIS.md

[22/50] Scanning: https://eql-apparel.com/products/sculpt-azure-xanh-thanh-thien-bra
 - Saved screenshot to /Users/kiendoan/Desktop/webshop/ai-website-cloner-template/docs/research/eql-apparel/products-sculpt-azure-xanh-thanh-thien-bra/full-page.png
 - Found 0 new internal links.
 - Saved analysis to /Users/kiendoan/Desktop/webshop/ai-website-cloner-template/docs/research/eql-apparel/products-sculpt-azure-xanh-thanh-thien-bra/ANALYSIS.md

[23/50] Scanning: https://eql-apparel.com/products/sculpt-azure-xanh-thanh-thien-short-sleeve-ao-coc-tay
 - Saved screenshot to /Users/kiendoan/Desktop/webshop/ai-website-cloner-template/docs/research/eql-apparel/products-sculpt-azure-xanh-thanh-thien-short-sleeve-ao-coc-tay/full-page.png
 - Found 0 new internal links.
 - Saved analysis to /Users/kiendoan/Desktop/webshop/ai-website-cloner-template/docs/research/eql-apparel/products-sculpt-azure-xanh-thanh-thien-short-sleeve-ao-coc-tay/ANALYSIS.md

[24/50] Scanning: https://eql-apparel.com/products/sculpt-azure-xanh-thanh-thien-standard-leggings-thuong
 - Saved screenshot to /Users/kiendoan/Desktop/webshop/ai-website-cloner-template/docs/research/eql-apparel/products-sculpt-azure-xanh-thanh-thien-standard-leggings-thuong/full-page.png
 - Found 0 new internal links.
 - Saved analysis to /Users/kiendoan/Desktop/webshop/ai-website-cloner-template/docs/research/eql-apparel/products-sculpt-azure-xanh-thanh-thien-standard-leggings-thuong/ANALYSIS.md

[25/50] Scanning: https://eql-apparel.com/products/sculpt-azure-xanh-thanh-thien-flare-leggings-loe
 - Saved screenshot to /Users/kiendoan/Desktop/webshop/ai-website-cloner-template/docs/research/eql-apparel/products-sculpt-azure-xanh-thanh-thien-flare-leggings-loe/full-page.png
 - Found 0 new internal links.
 - Saved analysis to /Users/kiendoan/Desktop/webshop/ai-website-cloner-template/docs/research/eql-apparel/products-sculpt-azure-xanh-thanh-thien-flare-leggings-loe/ANALYSIS.md

[26/50] Scanning: https://eql-apparel.com/products/femme-long-leggings-black
 - Saved screenshot to /Users/kiendoan/Desktop/webshop/ai-website-cloner-template/docs/research/eql-apparel/products-femme-long-leggings-black/full-page.png
 - Found 0 new internal links.
 - Saved analysis to /Users/kiendoan/Desktop/webshop/ai-website-cloner-template/docs/research/eql-apparel/products-femme-long-leggings-black/ANALYSIS.md

[27/50] Scanning: https://eql-apparel.com/products/femme-long-bra-cream
 - Saved screenshot to /Users/kiendoan/Desktop/webshop/ai-website-cloner-template/docs/research/eql-apparel/products-femme-long-bra-cream/full-page.png
 - Found 0 new internal links.
 - Saved analysis to /Users/kiendoan/Desktop/webshop/ai-website-cloner-template/docs/research/eql-apparel/products-femme-long-bra-cream/ANALYSIS.md

[28/50] Scanning: https://eql-apparel.com/products/femme-long-leggings-cream
 - Saved screenshot to /Users/kiendoan/Desktop/webshop/ai-website-cloner-template/docs/research/eql-apparel/products-femme-long-leggings-cream/full-page.png
 - Found 0 new internal links.
 - Saved analysis to /Users/kiendoan/Desktop/webshop/ai-website-cloner-template/docs/research/eql-apparel/products-femme-long-leggings-cream/ANALYSIS.md

[29/50] Scanning: https://eql-apparel.com/products/balance-bra-blue-grey
 - Saved screenshot to /Users/kiendoan/Desktop/webshop/ai-website-cloner-template/docs/research/eql-apparel/products-balance-bra-blue-grey/full-page.png
 - Found 1 new internal links.
 - Saved analysis to /Users/kiendoan/Desktop/webshop/ai-website-cloner-template/docs/research/eql-apparel/products-balance-bra-blue-grey/ANALYSIS.md

[30/50] Scanning: https://eql-apparel.com/products?activity=court
 - Saved screenshot to /Users/kiendoan/Desktop/webshop/ai-website-cloner-template/docs/research/eql-apparel/products-5a4e24/full-page.png
 - Found 0 new internal links.
 - Saved analysis to /Users/kiendoan/Desktop/webshop/ai-website-cloner-template/docs/research/eql-apparel/products-5a4e24/ANALYSIS.md

[31/50] Scanning: https://eql-apparel.com/products?activity=studio
 - Saved screenshot to /Users/kiendoan/Desktop/webshop/ai-website-cloner-template/docs/research/eql-apparel/products-b037e9/full-page.png
 - Found 0 new internal links.
 - Saved analysis to /Users/kiendoan/Desktop/webshop/ai-website-cloner-template/docs/research/eql-apparel/products-b037e9/ANALYSIS.md

[32/50] Scanning: https://eql-apparel.com/faq
 - Saved screenshot to /Users/kiendoan/Desktop/webshop/ai-website-cloner-template/docs/research/eql-apparel/faq/full-page.png
 - Found 0 new internal links.
 - Saved analysis to /Users/kiendoan/Desktop/webshop/ai-website-cloner-template/docs/research/eql-apparel/faq/ANALYSIS.md

[33/50] Scanning: https://eql-apparel.com/shipping
 - Saved screenshot to /Users/kiendoan/Desktop/webshop/ai-website-cloner-template/docs/research/eql-apparel/shipping/full-page.png
 - Found 0 new internal links.
 - Saved analysis to /Users/kiendoan/Desktop/webshop/ai-website-cloner-template/docs/research/eql-apparel/shipping/ANALYSIS.md

[34/50] Scanning: https://eql-apparel.com/returns
 - Saved screenshot to /Users/kiendoan/Desktop/webshop/ai-website-cloner-template/docs/research/eql-apparel/returns/full-page.png
 - Found 1 new internal links.
 - Saved analysis to /Users/kiendoan/Desktop/webshop/ai-website-cloner-template/docs/research/eql-apparel/returns/ANALYSIS.md

[35/50] Scanning: https://eql-apparel.com/size-guide
 - Saved screenshot to /Users/kiendoan/Desktop/webshop/ai-website-cloner-template/docs/research/eql-apparel/size-guide/full-page.png
 - Found 0 new internal links.
 - Saved analysis to /Users/kiendoan/Desktop/webshop/ai-website-cloner-template/docs/research/eql-apparel/size-guide/ANALYSIS.md

[36/50] Scanning: https://eql-apparel.com/fabric
 - Saved screenshot to /Users/kiendoan/Desktop/webshop/ai-website-cloner-template/docs/research/eql-apparel/fabric/full-page.png
 - Found 1 new internal links.
 - Saved analysis to /Users/kiendoan/Desktop/webshop/ai-website-cloner-template/docs/research/eql-apparel/fabric/ANALYSIS.md

[37/50] Scanning: https://eql-apparel.com/portal
 - Saved screenshot to /Users/kiendoan/Desktop/webshop/ai-website-cloner-template/docs/research/eql-apparel/portal/full-page.png
 - Found 1 new internal links.
 - Saved analysis to /Users/kiendoan/Desktop/webshop/ai-website-cloner-template/docs/research/eql-apparel/portal/ANALYSIS.md

[38/50] Scanning: https://eql-apparel.com/contact
 - Saved screenshot to /Users/kiendoan/Desktop/webshop/ai-website-cloner-template/docs/research/eql-apparel/contact/full-page.png
 - Found 0 new internal links.
 - Saved analysis to /Users/kiendoan/Desktop/webshop/ai-website-cloner-template/docs/research/eql-apparel/contact/ANALYSIS.md

[39/50] Scanning: https://eql-apparel.com/terms
 - Saved screenshot to /Users/kiendoan/Desktop/webshop/ai-website-cloner-template/docs/research/eql-apparel/terms/full-page.png
 - Found 0 new internal links.
 - Saved analysis to /Users/kiendoan/Desktop/webshop/ai-website-cloner-template/docs/research/eql-apparel/terms/ANALYSIS.md

[40/50] Scanning: https://eql-apparel.com/accessibility
 - Saved screenshot to /Users/kiendoan/Desktop/webshop/ai-website-cloner-template/docs/research/eql-apparel/accessibility/full-page.png
 - Found 0 new internal links.
 - Saved analysis to /Users/kiendoan/Desktop/webshop/ai-website-cloner-template/docs/research/eql-apparel/accessibility/ANALYSIS.md

[41/50] Scanning: https://eql-apparel.com/products?activity=train
 - Saved screenshot to /Users/kiendoan/Desktop/webshop/ai-website-cloner-template/docs/research/eql-apparel/products-3d85a5/full-page.png
 - Found 0 new internal links.
 - Saved analysis to /Users/kiendoan/Desktop/webshop/ai-website-cloner-template/docs/research/eql-apparel/products-3d85a5/ANALYSIS.md

[42/50] Scanning: https://eql-apparel.com/products/fleur-leggings-black-den
 - Saved screenshot to /Users/kiendoan/Desktop/webshop/ai-website-cloner-template/docs/research/eql-apparel/products-fleur-leggings-black-den/full-page.png
 - Found 2 new internal links.
 - Saved analysis to /Users/kiendoan/Desktop/webshop/ai-website-cloner-template/docs/research/eql-apparel/products-fleur-leggings-black-den/ANALYSIS.md

[43/50] Scanning: https://eql-apparel.com/products/fleur-bra-brown-nau
 - Saved screenshot to /Users/kiendoan/Desktop/webshop/ai-website-cloner-template/docs/research/eql-apparel/products-fleur-bra-brown-nau/full-page.png
 - Found 0 new internal links.
 - Saved analysis to /Users/kiendoan/Desktop/webshop/ai-website-cloner-template/docs/research/eql-apparel/products-fleur-bra-brown-nau/ANALYSIS.md

[44/50] Scanning: https://eql-apparel.com/products/fleur-leggings-brown-nau
 - Saved screenshot to /Users/kiendoan/Desktop/webshop/ai-website-cloner-template/docs/research/eql-apparel/products-fleur-leggings-brown-nau/full-page.png
 - Found 0 new internal links.
 - Saved analysis to /Users/kiendoan/Desktop/webshop/ai-website-cloner-template/docs/research/eql-apparel/products-fleur-leggings-brown-nau/ANALYSIS.md

[45/50] Scanning: https://eql-apparel.com/products/fleur-bra-butter-vang-bo
 - Saved screenshot to /Users/kiendoan/Desktop/webshop/ai-website-cloner-template/docs/research/eql-apparel/products-fleur-bra-butter-vang-bo/full-page.png
 - Found 1 new internal links.
 - Saved analysis to /Users/kiendoan/Desktop/webshop/ai-website-cloner-template/docs/research/eql-apparel/products-fleur-bra-butter-vang-bo/ANALYSIS.md

[46/50] Scanning: https://eql-apparel.com/products/fleur-leggings-butter-vang-bo
 - Saved screenshot to /Users/kiendoan/Desktop/webshop/ai-website-cloner-template/docs/research/eql-apparel/products-fleur-leggings-butter-vang-bo/full-page.png
 - Found 0 new internal links.
 - Saved analysis to /Users/kiendoan/Desktop/webshop/ai-website-cloner-template/docs/research/eql-apparel/products-fleur-leggings-butter-vang-bo/ANALYSIS.md

[47/50] Scanning: https://eql-apparel.com/products/align-bra-pastel-mint-xanh-pastel
 - Saved screenshot to /Users/kiendoan/Desktop/webshop/ai-website-cloner-template/docs/research/eql-apparel/products-align-bra-pastel-mint-xanh-pastel/full-page.png
 - Found 1 new internal links.
 - Saved analysis to /Users/kiendoan/Desktop/webshop/ai-website-cloner-template/docs/research/eql-apparel/products-align-bra-pastel-mint-xanh-pastel/ANALYSIS.md

[48/50] Scanning: https://eql-apparel.com/products/align-leggings-pastel-mint-xanh-pastel
 - Saved screenshot to /Users/kiendoan/Desktop/webshop/ai-website-cloner-template/docs/research/eql-apparel/products-align-leggings-pastel-mint-xanh-pastel/full-page.png
 - Found 0 new internal links.
 - Saved analysis to /Users/kiendoan/Desktop/webshop/ai-website-cloner-template/docs/research/eql-apparel/products-align-leggings-pastel-mint-xanh-pastel/ANALYSIS.md

[49/50] Scanning: https://eql-apparel.com/products/align-bra-black-den
 - Saved screenshot to /Users/kiendoan/Desktop/webshop/ai-website-cloner-template/docs/research/eql-apparel/products-align-bra-black-den/full-page.png
 - Found 0 new internal links.
 - Saved analysis to /Users/kiendoan/Desktop/webshop/ai-website-cloner-template/docs/research/eql-apparel/products-align-bra-black-den/ANALYSIS.md

[50/50] Scanning: https://eql-apparel.com/products/align-leggings-black-den
 - Saved screenshot to /Users/kiendoan/Desktop/webshop/ai-website-cloner-template/docs/research/eql-apparel/products-align-leggings-black-den/full-page.png
 - Found 0 new internal links.
 - Saved analysis to /Users/kiendoan/Desktop/webshop/ai-website-cloner-template/docs/research/eql-apparel/products-align-leggings-black-den/ANALYSIS.md

Crawler finished. Scanned 50 pages.
